ASxxxx Linker V05.00,  page 1.
Hexidecimal  [16-Bits]

Area                       Addr        Size        Decimal Bytes (Attributes)
--------------------       ----        ----        ------- ----- ------------
.  .ABS.                   0000        0000 =           0. bytes (ABS,OVR,CSEG)

         Value  Global                             Global Defined In Module
         -----  --------------------------------   ------------------------
          0000  l__DATA                         
          0000  s__DATA                         
          0000  s__CODE                         
          0000  .__.ABS.                           main
          0000  l_FIJA                          
          0000  s_FIJA                          
          033F  l__CODE                         

ASxxxx Linker V05.00,  page 2.
Hexidecimal  [16-Bits]
[ Bank == _CSEG ]

Area                       Addr        Size        Decimal Bytes (Attributes)
--------------------       ----        ----        ------- ----- ------------
_CODE                      0000        033F =         831. bytes (REL,CON,CSEG)

         Value  Global                             Global Defined In Module
         -----  --------------------------------   ------------------------
          001A  show_intentos                      main
          0025  show_tablero                       main
          0031  nfila                              main
          0032  ncol                               main
          0035  contador_char                      main
          0036  contador_tblro                     main
          0037  tablero1                           main
          0048  solucion1                          main
          0059  programa                           main
          0063  pantalla_juego                     main
          0087  show_marcador                      main
          01F0  pantalla_menu                      menu
          0217  pantalla_inst                      menu
          0257  carta1                             pedir_datos
          0258  carta2                             pedir_datos
          0259  mov1                               pedir_datos
          025A  mov2                               pedir_datos
          025B  contador_par                       pedir_datos
          025C  pedir_coordenadas                  pedir_datos
          02E1  clear_screen                       utilidades
          02ED  retorno_carro                      utilidades
          02EF  desplazamiento                     utilidades
          02F0  imprime_cadena                     utilidades
          02FE  limpia_pantalla                    utilidades
          0305  salto_de_carro                     utilidades
          030C  calcular_desplazamiento            utilidades
          0318  imprime_tablero                    utilidades

ASxxxx Linker V05.00,  page 3.

Files Linked                              [ module(s) ]

computadores_parejas.rel                  [ main ]
menu.rel                                  [ menu ]
pedir_datos.rel                           [ pedir_datos ]
utilidades.rel                            [ utilidades ]


